// Jest Snapshot v1, https://goo.gl/fbAQLP

exports[`App renders correctly 1`] = `
<div
  id="app"
>
  <img
    alt="Vue logo"
    src="./assets/logo.png"
  />
   
  <helloworld-stub
    msg="Welcome to Your Vue.js App"
  />
</div>
`;
