// Jest Snapshot v1, https://goo.gl/fbAQLP

exports[`Navbar renders correctly 1`] = `
<div
  class="about"
>
  <h1>
    About Senders Fellowship
  </h1>
   
  <h2>
    Mission
  </h2>
   
  <p>
    
      To establish a stable African Sending structure.
  
  </p>
   
  <h2>
    Vision
  </h2>
   
  <p>
    
      To raise resources for kingdom advancement and provide
      moral and prayer support for those who go.
  
  </p>
   
  <h2>
    Values
  </h2>
   
  <ul>
    <li>
      Faith in Jesus Christ
    </li>
     
    <li>
      Commitment
    </li>
  </ul>
   
  <h2>
    Objectives
  </h2>
   
  <ul>
    <li>
      Be accountable to other people called to the marketplace.
    </li>
     
    <li>
      Raise resources for kingdom advancement.
    </li>
     
    <li>
      Provide moral support for those who go.
    </li>
     
    <li>
      Encourage one another.
    </li>
     
    <li>
      Brainstorm ideas.
    </li>
  </ul>
</div>
`;
